2026-08-24 19:48:30,936 | CRITICAL | __main__ | This is a CRITICAL message
2026-08-24 19:48:54,874 | DEBUG | __main__ | This is a DEBUG message
2026-08-24 19:48:54,981 | INFO | __main__ | Application started successfully
2026-08-24 19:48:55,075 | WARNING | __main__ | This is a WARNING message
2026-08-24 19:48:55,133 | ERROR | __main__ | This is an ERROR message
2026-08-24 19:48:55,181 | CRITICAL | __main__ | This is a CRITICAL message
2026-08-24 19:49:09,179 | DEBUG | __main__ | This is a DEBUG message
2026-08-24 19:49:09,180 | INFO | __main__ | Application started successfully
2026-08-24 19:49:09,181 | WARNING | __main__ | This is a WARNING message
2026-08-24 19:49:09,182 | ERROR | __main__ | This is an ERROR message
2026-08-24 19:49:09,184 | CRITICAL | __main__ | This is a CRITICAL message
2026-08-24 19:49:10,643 | DEBUG | __main__ | This is a DEBUG message
2026-08-24 19:49:10,643 | INFO | __main__ | Application started successfully
2026-08-24 19:49:10,644 | WARNING | __main__ | This is a WARNING message
2026-08-24 19:49:10,644 | ERROR | __main__ | This is an ERROR message
2026-08-24 19:49:10,645 | CRITICAL | __main__ | This is a CRITICAL message
Zero se divide kyu kar rha hai
Divide By Zero Error
Divide By Zero Error -- root -- ERROR -- 2026-08-24 21:23:01,079
{ Divide By Zero Error 
 root 
 ERROR 
 2026-08-24 21:24:42,416 
}

{
 Divide By Zero Error 
 root 
 ERROR 
 2026-08-24 21:25:28,154 
}


{
 Message : Divide By Zero Error 
 FileName : __main__ 
 LevelName : ERROR 
 Time Stamp : 2026-08-24 21:26:51,822 
}


{
 Message   : Divide By Zero Error 
 FileName  : __main__ 
 LevelName : ERROR 
 TimeStamp : 2026-08-24 21:27:45,529 
}

