2026-08-23 19:43:28,918 | DEBUG | __main__ | This is a DEBUG message
2026-08-23 19:43:28,919 | ERROR | __main__ | This is an ERROR message
2026-08-23 19:58:43,225 | __main__ | ERROR | lawde tere Baap ne Kiya kabhi aisa
Traceback (most recent call last):
  File "D:\Learning\logging\app\level2.py", line 32, in <module>
    result = 10/0
             ~~^~
ZeroDivisionError: division by zero
2026-08-23 20:10:41,133 | DEBUG | main | This is a DEBUG message
2026-08-23 20:10:41,135 | ERROR | main | This is an ERROR message
2026-08-23 20:10:41,136 | ERROR | __main__ | lawde tere Baap ne Kiya kabhi aisa
Traceback (most recent call last):
  File "D:\Learning\logging\app\level2.py", line 20, in <module>
    result = 10/0
             ~~^~
ZeroDivisionError: division by zero
2026-08-23 20:17:40,066 | DEBUG | level2 | This is a DEBUG message
2026-08-23 20:17:40,068 | ERROR | level2 | This is an ERROR message
2026-08-23 20:26:01,760 | DEBUG | log_config | This is a DEBUG message
2026-08-23 20:26:01,762 | ERROR | log_config | This is an ERROR message
2026-08-23 20:33:13,882 | DEBUG | __main__ | This is a DEBUG message
2026-08-23 20:33:13,883 | ERROR | __main__ | This is an ERROR message
2026-08-24 19:45:24,004 | DEBUG | __main__ | This is a DEBUG message
2026-08-24 19:45:24,009 | ERROR | __main__ | This is an ERROR message
2026-08-24 19:45:36,144 | DEBUG | __main__ | This is a DEBUG message
2026-08-24 19:45:36,146 | ERROR | __main__ | This is an ERROR message
2026-08-24 19:45:38,804 | DEBUG | __main__ | This is a DEBUG message
2026-08-24 19:45:38,805 | ERROR | __main__ | This is an ERROR message
2026-08-24 19:45:39,856 | DEBUG | __main__ | This is a DEBUG message
2026-08-24 19:45:39,857 | ERROR | __main__ | This is an ERROR message
2026-08-24 19:45:40,894 | DEBUG | __main__ | This is a DEBUG message
2026-08-24 19:45:40,896 | ERROR | __main__ | This is an ERROR message
2026-08-24 19:45:42,183 | DEBUG | __main__ | This is a DEBUG message
2026-08-24 19:45:42,187 | ERROR | __main__ | This is an ERROR message
2026-08-24 19:46:23,647 | DEBUG | __main__ | This is a DEBUG message
2026-08-24 19:46:23,648 | ERROR | __main__ | This is an ERROR message
2026-08-24 19:46:24,514 | DEBUG | __main__ | This is a DEBUG message
2026-08-24 19:46:24,516 | ERROR | __main__ | This is an ERROR message
2026-08-24 19:46:25,318 | DEBUG | __main__ | This is a DEBUG message
2026-08-24 19:46:25,319 | ERROR | __main__ | This is an ERROR message
2026-08-24 19:46:25,999 | DEBUG | __main__ | This is a DEBUG message
2026-08-24 19:46:26,000 | ERROR | __main__ | This is an ERROR message
2026-08-24 19:46:26,781 | DEBUG | __main__ | This is a DEBUG message
2026-08-24 19:46:26,783 | ERROR | __main__ | This is an ERROR message
2026-08-24 19:46:27,515 | DEBUG | __main__ | This is a DEBUG message
2026-08-24 19:46:27,516 | ERROR | __main__ | This is an ERROR message
2026-08-24 19:48:24,011 | DEBUG | __main__ | This is a DEBUG message
2026-08-24 19:48:24,021 | ERROR | __main__ | This is an ERROR message
2026-08-24 19:48:30,912 | DEBUG | __main__ | This is a DEBUG message
2026-08-24 19:48:30,931 | ERROR | __main__ | This is an ERROR message
2026-08-24 19:48:54,874 | DEBUG | __main__ | This is a DEBUG message
2026-08-24 19:48:55,133 | ERROR | __main__ | This is an ERROR message
2026-08-24 19:49:09,179 | DEBUG | __main__ | This is a DEBUG message
2026-08-24 19:49:09,182 | ERROR | __main__ | This is an ERROR message
2026-08-24 19:49:10,643 | DEBUG | __main__ | This is a DEBUG message
2026-08-24 19:49:10,644 | ERROR | __main__ | This is an ERROR message
