2026-08-23 19:36:19,193 | ERROR | __main__ | This is an ERROR message
2026-08-23 19:36:19,194 | CRITICAL | __main__ | This is a CRITICAL message
2026-08-23 19:43:28,919 | ERROR | __main__ | This is an ERROR message
2026-08-23 19:43:28,920 | CRITICAL | __main__ | This is a CRITICAL message
2026-08-23 19:58:43,225 | __main__ | ERROR | lawde tere Baap ne Kiya kabhi aisa
Traceback (most recent call last):
  File "D:\Learning\logging\app\level2.py", line 32, in <module>
    result = 10/0
             ~~^~
ZeroDivisionError: division by zero
2026-08-23 20:10:41,135 | ERROR | main | This is an ERROR message
2026-08-23 20:10:41,135 | CRITICAL | main | This is a CRITICAL message
2026-08-23 20:10:41,136 | ERROR | __main__ | lawde tere Baap ne Kiya kabhi aisa
Traceback (most recent call last):
  File "D:\Learning\logging\app\level2.py", line 20, in <module>
    result = 10/0
             ~~^~
ZeroDivisionError: division by zero
2026-08-23 20:17:40,068 | ERROR | level2 | This is an ERROR message
2026-08-23 20:17:40,069 | CRITICAL | level2 | This is a CRITICAL message
2026-08-23 20:26:01,762 | ERROR | log_config | This is an ERROR message
2026-08-23 20:26:01,762 | CRITICAL | log_config | This is a CRITICAL message
2026-08-23 20:33:13,883 | ERROR | __main__ | This is an ERROR message
2026-08-23 20:33:13,884 | CRITICAL | __main__ | This is a CRITICAL message
2026-08-24 19:45:24,009 | ERROR | __main__ | This is an ERROR message
2026-08-24 19:45:24,010 | CRITICAL | __main__ | This is a CRITICAL message
2026-08-24 19:45:36,146 | ERROR | __main__ | This is an ERROR message
2026-08-24 19:45:36,146 | CRITICAL | __main__ | This is a CRITICAL message
2026-08-24 19:45:38,805 | ERROR | __main__ | This is an ERROR message
2026-08-24 19:45:38,806 | CRITICAL | __main__ | This is a CRITICAL message
2026-08-24 19:45:39,857 | ERROR | __main__ | This is an ERROR message
2026-08-24 19:45:39,858 | CRITICAL | __main__ | This is a CRITICAL message
2026-08-24 19:45:40,896 | ERROR | __main__ | This is an ERROR message
2026-08-24 19:45:40,896 | CRITICAL | __main__ | This is a CRITICAL message
2026-08-24 19:45:42,187 | ERROR | __main__ | This is an ERROR message
2026-08-24 19:45:42,188 | CRITICAL | __main__ | This is a CRITICAL message
2026-08-24 19:46:23,648 | ERROR | __main__ | This is an ERROR message
2026-08-24 19:46:23,649 | CRITICAL | __main__ | This is a CRITICAL message
2026-08-24 19:46:24,516 | ERROR | __main__ | This is an ERROR message
2026-08-24 19:46:24,516 | CRITICAL | __main__ | This is a CRITICAL message
2026-08-24 19:46:25,319 | ERROR | __main__ | This is an ERROR message
2026-08-24 19:46:25,319 | CRITICAL | __main__ | This is a CRITICAL message
2026-08-24 19:46:26,000 | ERROR | __main__ | This is an ERROR message
2026-08-24 19:46:26,001 | CRITICAL | __main__ | This is a CRITICAL message
2026-08-24 19:46:26,783 | ERROR | __main__ | This is an ERROR message
2026-08-24 19:46:26,783 | CRITICAL | __main__ | This is a CRITICAL message
2026-08-24 19:46:27,516 | ERROR | __main__ | This is an ERROR message
2026-08-24 19:46:27,517 | CRITICAL | __main__ | This is a CRITICAL message
2026-08-24 19:48:24,021 | ERROR | __main__ | This is an ERROR message
2026-08-24 19:48:24,024 | CRITICAL | __main__ | This is a CRITICAL message
2026-08-24 19:48:30,931 | ERROR | __main__ | This is an ERROR message
2026-08-24 19:48:30,936 | CRITICAL | __main__ | This is a CRITICAL message
2026-08-24 19:48:55,133 | ERROR | __main__ | This is an ERROR message
2026-08-24 19:48:55,181 | CRITICAL | __main__ | This is a CRITICAL message
2026-08-24 19:49:09,182 | ERROR | __main__ | This is an ERROR message
2026-08-24 19:49:09,184 | CRITICAL | __main__ | This is a CRITICAL message
2026-08-24 19:49:10,644 | ERROR | __main__ | This is an ERROR message
2026-08-24 19:49:10,645 | CRITICAL | __main__ | This is a CRITICAL message
