
2026-08-23 18:43:27,691 | WARNING | __main__ | This is a WARNING message
2026-08-23 18:43:27,692 | ERROR | __main__ | This is an ERROR message
2026-08-23 18:43:27,692 | CRITICAL | __main__ | This is a CRITICAL message
2026-08-23 18:45:19,699 | DEBUG | __main__ | This is a DEBUG message
2026-08-23 18:45:19,699 | INFO | __main__ | Application started successfully
2026-08-23 18:45:19,700 | WARNING | __main__ | This is a WARNING message
2026-08-23 18:45:19,700 | ERROR | __main__ | This is an ERROR message
2026-08-23 18:45:19,700 | CRITICAL | __main__ | This is a CRITICAL message
2026-08-23 19:36:19,191 | DEBUG | __main__ | This is a DEBUG message
2026-08-23 19:36:19,192 | INFO | __main__ | Application started successfully
2026-08-23 19:36:19,193 | WARNING | __main__ | This is a WARNING message
2026-08-23 19:36:19,193 | ERROR | __main__ | This is an ERROR message
2026-08-23 19:36:19,194 | CRITICAL | __main__ | This is a CRITICAL message
2026-08-23 19:43:28,918 | DEBUG | __main__ | This is a DEBUG message
2026-08-23 19:43:28,919 | INFO | __main__ | Application started successfully
2026-08-23 19:43:28,919 | WARNING | __main__ | This is a WARNING message
2026-08-23 19:43:28,919 | ERROR | __main__ | This is an ERROR message
2026-08-23 19:43:28,920 | CRITICAL | __main__ | This is a CRITICAL message
2026-08-23 19:58:43,225 | __main__ | ERROR | lawde tere Baap ne Kiya kabhi aisa
Traceback (most recent call last):
  File "D:\Learning\logging\app\level2.py", line 32, in <module>
    result = 10/0
             ~~^~
ZeroDivisionError: division by zero
2026-08-23 20:10:41,133 | DEBUG | main | This is a DEBUG message
2026-08-23 20:10:41,134 | INFO | main | Application started successfully
2026-08-23 20:10:41,134 | WARNING | main | This is a WARNING message
2026-08-23 20:10:41,135 | ERROR | main | This is an ERROR message
2026-08-23 20:10:41,135 | CRITICAL | main | This is a CRITICAL message
2026-08-23 20:10:41,136 | ERROR | __main__ | lawde tere Baap ne Kiya kabhi aisa
Traceback (most recent call last):
  File "D:\Learning\logging\app\level2.py", line 20, in <module>
    result = 10/0
             ~~^~
ZeroDivisionError: division by zero
2026-08-23 20:17:40,066 | DEBUG | level2 | This is a DEBUG message
2026-08-23 20:17:40,067 | INFO | level2 | Application started successfully
2026-08-23 20:17:40,068 | WARNING | level2 | This is a WARNING message
2026-08-23 20:17:40,068 | ERROR | level2 | This is an ERROR message
2026-08-23 20:17:40,069 | CRITICAL | level2 | This is a CRITICAL message
2026-08-23 20:26:01,760 | DEBUG | log_config | This is a DEBUG message
2026-08-23 20:26:01,761 | INFO | log_config | Application started successfully
2026-08-23 20:26:01,761 | WARNING | log_config | This is a WARNING message
2026-08-23 20:26:01,762 | ERROR | log_config | This is an ERROR message
2026-08-23 20:26:01,762 | CRITICAL | log_config | This is a CRITICAL message
2026-08-23 20:33:13,882 | DEBUG | __main__ | This is a DEBUG message
2026-08-23 20:33:13,882 | INFO | __main__ | Application started successfully
2026-08-23 20:33:13,883 | WARNING | __main__ | This is a WARNING message
2026-08-23 20:33:13,883 | ERROR | __main__ | This is an ERROR message
2026-08-23 20:33:13,884 | CRITICAL | __main__ | This is a CRITICAL message
