2026-08-23 19:36:19,193 | ERROR | __main__ | This is an ERROR message
2026-08-23 19:36:19,194 | CRITICAL | __main__ | This is a CRITICAL message
2026-08-23 19:43:28,919 | ERROR | __main__ | This is an ERROR message
2026-08-23 19:43:28,920 | CRITICAL | __main__ | This is a CRITICAL message
2026-08-23 19:58:43,225 | __main__ | ERROR | lawde tere Baap ne Kiya kabhi aisa
Traceback (most recent call last):
  File "D:\Learning\logging\app\level2.py", line 32, in <module>
    result = 10/0
             ~~^~
ZeroDivisionError: division by zero
2026-08-23 20:10:41,135 | ERROR | main | This is an ERROR message
2026-08-23 20:10:41,135 | CRITICAL | main | This is a CRITICAL message
2026-08-23 20:10:41,136 | ERROR | __main__ | lawde tere Baap ne Kiya kabhi aisa
Traceback (most recent call last):
  File "D:\Learning\logging\app\level2.py", line 20, in <module>
    result = 10/0
             ~~^~
ZeroDivisionError: division by zero
2026-08-23 20:17:40,068 | ERROR | level2 | This is an ERROR message
2026-08-23 20:17:40,069 | CRITICAL | level2 | This is a CRITICAL message
2026-08-23 20:26:01,762 | ERROR | log_config | This is an ERROR message
2026-08-23 20:26:01,762 | CRITICAL | log_config | This is a CRITICAL message
2026-08-23 20:33:13,883 | ERROR | __main__ | This is an ERROR message
2026-08-23 20:33:13,884 | CRITICAL | __main__ | This is a CRITICAL message
